// Jest Snapshot v1, https://goo.gl/fbAQLP

exports[`matches snapshot 1`] = `
<DocumentFragment>
  <div>
    <div>
      <form>
        <div>
          <label
            for="height"
          >
            height
          </label>
          <input
            id="height"
            name="height"
            type="text"
            value=""
          />
        </div>
        <div>
          <label
            for="width"
          >
            width
          </label>
          <input
            id="width"
            name="width"
            type="text"
            value=""
          />
        </div>
        <div>
          <label
            for="backgroundColor"
          >
            background color
          </label>
          <input
            id="backgroundColor"
            name="backgroundColor"
            type="text"
            value=""
          />
        </div>
        <button
          id="newBoxButton"
        >
          add box
        </button>
      </form>
    </div>
  </div>
</DocumentFragment>
`;
